// Jest Snapshot v1, https://goo.gl/fbAQLP

exports[`pruebas en Gifitem snapshot 1`] = `
<div>
  <div
    class="card"
  >
    <img
      alt="AC Milan"
      src="https://loco.com/"
    />
    <p>
      AC Milan
    </p>
  </div>
</div>
`;
